Traceback (most recent call last):
  File "C:\Users\agarw\Desktop\Major project\ml\extract_samples.py", line 1, in <module>
    from sklearn.datasets import load_breast_cancer
  File "C:\Users\agarw\AppData\Local\Packages\PythonSoftwareFoundation.Python.3.10_qbz5n2kfra8p0\LocalCache\local-packages\Python310\site-packages\sklearn\__init__.py", line 73, in <module>
    from .base import clone  # noqa: E402
  File "C:\Users\agarw\AppData\Local\Packages\PythonSoftwareFoundation.Python.3.10_qbz5n2kfra8p0\LocalCache\local-packages\Python310\site-packages\sklearn\base.py", line 19, in <module>
    from .utils._metadata_requests import _MetadataRequester, _routing_enabled
  File "C:\Users\agarw\AppData\Local\Packages\PythonSoftwareFoundation.Python.3.10_qbz5n2kfra8p0\LocalCache\local-packages\Python310\site-packages\sklearn\utils\__init__.py", line 9, in <module>
    from ._chunking import gen_batches, gen_even_slices
  File "C:\Users\agarw\AppData\Local\Packages\PythonSoftwareFoundation.Python.3.10_qbz5n2kfra8p0\LocalCache\local-packages\Python310\site-packages\sklearn\utils\_chunking.py", line 11, in <module>
    from ._param_validation import Interval, validate_params
  File "C:\Users\agarw\AppData\Local\Packages\PythonSoftwareFoundation.Python.3.10_qbz5n2kfra8p0\LocalCache\local-packages\Python310\site-packages\sklearn\utils\_param_validation.py", line 17, in <module>
    from .validation import _is_arraylike_not_scalar
  File "C:\Users\agarw\AppData\Local\Packages\PythonSoftwareFoundation.Python.3.10_qbz5n2kfra8p0\LocalCache\local-packages\Python310\site-packages\sklearn\utils\validation.py", line 21, in <module>
    from ..utils._array_api import _asarray_with_order, _is_numpy_namespace, get_namespace
  File "C:\Users\agarw\AppData\Local\Packages\PythonSoftwareFoundation.Python.3.10_qbz5n2kfra8p0\LocalCache\local-packages\Python310\site-packages\sklearn\utils\_array_api.py", line 20, in <module>
    from .fixes import parse_version
  File "C:\Users\agarw\AppData\Local\Packages\PythonSoftwareFoundation.Python.3.10_qbz5n2kfra8p0\LocalCache\local-packages\Python310\site-packages\sklearn\utils\fixes.py", line 16, in <module>
    import scipy.stats
  File "C:\Users\agarw\AppData\Local\Packages\PythonSoftwareFoundation.Python.3.10_qbz5n2kfra8p0\LocalCache\local-packages\Python310\site-packages\scipy\stats\__init__.py", line 622, in <module>
    from ._warnings_errors import (ConstantInputWarning, NearConstantInputWarning,
  File "<frozen importlib._bootstrap>", line 1027, in _find_and_load
  File "<frozen importlib._bootstrap>", line 1006, in _find_and_load_unlocked
  File "<frozen importlib._bootstrap>", line 688, in _load_unlocked
  File "<frozen importlib._bootstrap_external>", line 879, in exec_module
  File "<frozen importlib._bootstrap_external>", line 975, in get_code
  File "<frozen importlib._bootstrap_external>", line 1074, in get_data
KeyboardInterrupt
^C